// Jest Snapshot v1, https://goo.gl/fbAQLP

exports[`renders list of characters 1`] = `
<div>
  Loading...
</div>
`;
