// Jest Snapshot v1, https://goo.gl/fbAQLP

exports[`renders list of characters 1`] = `
<div
  className="css-0"
>
  <p
    className="chakra-text css-1ffmg5n"
  >
    The Rick and Morty
  </p>
</div>
`;
